Simulation started at 13/03/2025 02:30:06
----------------------------------------------------------------------
Scenario started at 13/03/2025 02:30:06
Scenario: TWO_TIER_WITH_EO - Policy: FUZZY_Q_LEARNING - #iteration: 5
Duration: 33.0 min (warm up period: 3.0 min) - #devices: 200
Creating tasks...Done, 
Creating device locations...Done.
FuzzyQLEdgeOrchestrator initialized with fuzzy Q-learning based orchestration
SimManager is starting...Done.
.........10.........20.........3030.........40.........50.........60.........70.........80.........90.........100
AUGMENTED_REALITY
# of tasks (Edge/Cloud): 39069(39040/29)
# of failed tasks (Edge/Cloud): 1039(1039/0)
# of completed tasks (Edge/Cloud): 38030(38001/29)
---------------------------------------
HEALTH_APP
# of tasks (Edge/Cloud): 6995(6995/0)
# of failed tasks (Edge/Cloud): 82(82/0)
# of completed tasks (Edge/Cloud): 6913(6913/0)
---------------------------------------
HEAVY_COMP_APP
# of tasks (Edge/Cloud): 918(912/6)
# of failed tasks (Edge/Cloud): 60(60/0)
# of completed tasks (Edge/Cloud): 858(852/6)
---------------------------------------
INFOTAINMENT_APP
# of tasks (Edge/Cloud): 7129(7119/10)
# of failed tasks (Edge/Cloud): 270(270/0)
# of completed tasks (Edge/Cloud): 6859(6849/10)
---------------------------------------
# of tasks (Edge/Cloud/Mobile): 54111(54066/45/0)
# of failed tasks (Edge/Cloud/Mobile): 1451(1451/0/0)
# of completed tasks (Edge/Cloud/Mobile): 52660(52615/45/0)
# of uncompleted tasks (Edge/Cloud/Mobile): 210(210/0/0)
# of failed tasks due to vm capacity (Edge/Cloud/Mobile): 0(0/0/0)
# of failed tasks due to Mobility/WLAN Range/Network(WLAN/MAN/WAN/GSM): 1451/0/0(0/0/0/0)
percentage of failed tasks: 2.681525%
average service time: 5.558026 seconds. (on Edge: 5.561555, on Cloud: 1.432763, on Mobile: NaN)
average processing time: 5.505547 seconds. (on Edge: 5.510102, on Cloud: 0.179607, on Mobile: NaN)
average network delay: 0.052479 seconds. (LAN delay: 0.051452, MAN delay: NaN, WAN delay: 1.253156, GSM delay: NaN)
average server utilization Edge/Cloud/Mobile: 11.633630/0.002280/0.000000
average cost: 0.0$
average overhead: 0.0 ns
average QoE (for all): 0.0%
average QoE (for executed): 0.0%
FuzzyQLEdgeOrchestrator final statistics:
  Total tasks processed: 0
  Edge failure rate: 0.0
Top performing fuzzy rules:
  task_size-medium_wan_bandwidth-high_delay_sensitivity-high -> cloud: 0.0
  task_size-medium_edge_utilization-low_edge_capacity-high -> cloud: 0.0
  task_size-large_edge_utilization-medium_edge_capacity-high -> cloud: 0.0
  task_size-large_wan_bandwidth-medium_delay_sensitivity-low -> cloud: 0.0
  task_size-large_wan_bandwidth-high_delay_sensitivity-high -> cloud: 0.0
Scenario finished at 13/03/2025 02:31:06. It took 59 Seconds
----------------------------------------------------------------------
Scenario started at 13/03/2025 02:31:06
Scenario: TWO_TIER_WITH_EO - Policy: FUZZY_Q_LEARNING - #iteration: 5
Duration: 33.0 min (warm up period: 3.0 min) - #devices: 400
Creating tasks...Done, 
Creating device locations...Done.
FuzzyQLEdgeOrchestrator initialized with fuzzy Q-learning based orchestration
SimManager is starting...Done.
.........10.........20.........3030.........40.........50.......