Simulation started at 13/03/2025 02:30:02
----------------------------------------------------------------------
Scenario started at 13/03/2025 02:30:02
Scenario: TWO_TIER_WITH_EO - Policy: FUZZY_Q_LEARNING - #iteration: 8
Duration: 33.0 min (warm up period: 3.0 min) - #devices: 200
Creating tasks...Done, 
Creating device locations...Done.
FuzzyQLEdgeOrchestrator initialized with fuzzy Q-learning based orchestration
SimManager is starting...Done.
.........10.........20.........3030.........40.........50.........60.........70.........80.........90.........100
AUGMENTED_REALITY
# of tasks (Edge/Cloud): 35181(35181/0)
# of failed tasks (Edge/Cloud): 931(931/0)
# of completed tasks (Edge/Cloud): 34250(34250/0)
---------------------------------------
HEALTH_APP
# of tasks (Edge/Cloud): 7736(7736/0)
# of failed tasks (Edge/Cloud): 85(85/0)
# of completed tasks (Edge/Cloud): 7651(7651/0)
---------------------------------------
HEAVY_COMP_APP
# of tasks (Edge/Cloud): 1205(1205/0)
# of failed tasks (Edge/Cloud): 54(54/0)
# of completed tasks (Edge/Cloud): 1151(1151/0)
---------------------------------------
INFOTAINMENT_APP
# of tasks (Edge/Cloud): 6679(6679/0)
# of failed tasks (Edge/Cloud): 197(197/0)
# of completed tasks (Edge/Cloud): 6482(6482/0)
---------------------------------------
# of tasks (Edge/Cloud/Mobile): 50801(50801/0/0)
# of failed tasks (Edge/Cloud/Mobile): 1267(1267/0/0)
# of completed tasks (Edge/Cloud/Mobile): 49534(49534/0/0)
# of uncompleted tasks (Edge/Cloud/Mobile): 213(211/0/2)
# of failed tasks due to vm capacity (Edge/Cloud/Mobile): 0(0/0/0)
# of failed tasks due to Mobility/WLAN Range/Network(WLAN/MAN/WAN/GSM): 1267/0/0(0/0/0/0)
percentage of failed tasks: 2.494045%
average service time: 5.364971 seconds. (on Edge: 5.364971, on Cloud: NaN, on Mobile: NaN)
average processing time: 5.314132 seconds. (on Edge: 5.314132, on Cloud: NaN, on Mobile: NaN)
average network delay: 0.050838 seconds. (LAN delay: 0.050838, MAN delay: NaN, WAN delay: NaN, GSM delay: NaN)
average server utilization Edge/Cloud/Mobile: 10.906752/0.000000/0.000000
average cost: 0.0$
average overhead: 0.0 ns
average QoE (for all): 0.0%
average QoE (for executed): 0.0%
FuzzyQLEdgeOrchestrator final statistics:
  Total tasks processed: 0
  Edge failure rate: 0.0
Top performing fuzzy rules:
  task_size-medium_wan_bandwidth-high_delay_sensitivity-high -> cloud: 0.0
  task_size-medium_edge_utilization-low_edge_capacity-high -> cloud: 0.0
  task_size-large_edge_utilization-medium_edge_capacity-high -> cloud: 0.0
  task_size-large_wan_bandwidth-medium_delay_sensitivity-low -> cloud: 0.0
  task_size-large_wan_bandwidth-high_delay_sensitivity-high -> cloud: 0.0
Scenario finished at 13/03/2025 02:30:51. It took 48 Seconds
----------------------------------------------------------------------
Scenario started at 13/03/2025 02:30:51
Scenario: TWO_TIER_WITH_EO - Policy: FUZZY_Q_LEARNING - #iteration: 8
Duration: 33.0 min (warm up period: 3.0 min) - #devices: 400
Creating tasks...Done, 
Creating device locations...Done.
FuzzyQLEdgeOrchestrator initialized with fuzzy Q-learning based orchestration
SimManager is starting...Done.
.........10.........20.........3030.........40