Simulation started at 13/03/2025 02:11:42
----------------------------------------------------------------------
Scenario started at 13/03/2025 02:11:42
Scenario: TWO_TIER_WITH_EO - Policy: FUZZY_Q_LEARNING - #iteration: 2
Duration: 33.0 min (warm up period: 3.0 min) - #devices: 200
Creating tasks...Done, 
Creating device locations...Done.
FuzzyQLEdgeOrchestrator initialized with fuzzy Q-learning based orchestration
SimManager is starting...Done.
.........10.........20.........3030.........40.........50.........60.........70.........80.........90.........100
AUGMENTED_REALITY
# of tasks (Edge/Cloud): 34710(34710/0)
# of failed tasks (Edge/Cloud): 814(814/0)
# of completed tasks (Edge/Cloud): 33896(33896/0)
---------------------------------------
HEALTH_APP
# of tasks (Edge/Cloud): 8239(8239/0)
# of failed tasks (Edge/Cloud): 84(84/0)
# of completed tasks (Edge/Cloud): 8155(8155/0)
---------------------------------------
HEAVY_COMP_APP
# of tasks (Edge/Cloud): 1155(1155/0)
# of failed tasks (Edge/Cloud): 61(61/0)
# of completed tasks (Edge/Cloud): 1094(1094/0)
---------------------------------------
INFOTAINMENT_APP
# of tasks (Edge/Cloud): 6363(6363/0)
# of failed tasks (Edge/Cloud): 229(229/0)
# of completed tasks (Edge/Cloud): 6134(6134/0)
---------------------------------------
# of tasks (Edge/Cloud/Mobile): 50467(50467/0/0)
# of failed tasks (Edge/Cloud/Mobile): 1188(1188/0/0)
# of completed tasks (Edge/Cloud/Mobile): 49279(49279/0/0)
# of uncompleted tasks (Edge/Cloud/Mobile): 216(216/0/0)
# of failed tasks due to vm capacity (Edge/Cloud/Mobile): 0(0/0/0)
# of failed tasks due to Mobility/WLAN Range/Network(WLAN/MAN/WAN/GSM): 1188/0/0(0/0/0/0)
percentage of failed tasks: 2.354014%
average service time: 5.303668 seconds. (on Edge: 5.303668, on Cloud: NaN, on Mobile: NaN)
average processing time: 5.253720 seconds. (on Edge: 5.253720, on Cloud: NaN, on Mobile: NaN)
average network delay: 0.049948 seconds. (LAN delay: 0.049948, MAN delay: NaN, WAN delay: NaN, GSM delay: NaN)
average server utilization Edge/Cloud/Mobile: 10.731654/0.000000/0.000000
average cost: 0.0$
average overhead: 0.0 ns
average QoE (for all): 0.0%
average QoE (for executed): 0.0%
FuzzyQLEdgeOrchestrator final statistics:
  Total tasks processed: 0
  Edge failure rate: 0.0
Top performing fuzzy rules:
  task_size-medium_wan_bandwidth-high_delay_sensitivity-high -> cloud: 0.0
  task_size-medium_edge_utilization-low_edge_capacity-high -> cloud: 0.0
  task_size-large_edge_utilization-medium_edge_capacity-high -> cloud: 0.0
  task_size-large_wan_bandwidth-medium_delay_sensitivity-low -> cloud: 0.0
  task_size-large_wan_bandwidth-high_delay_sensitivity-high -> cloud: 0.0
Scenario finished at 13/03/2025 02:12:43. It took 1 Minute 1 Seconds
----------------------------------------------------------------------
Scenario started at 13/03/2025 02:12:43
Scenario: TWO_TIER_WITH_EO - Policy: FUZZY_Q_LEARNING - #iteration: 2
Duration: 33.0 min (warm up period: 3.0 min) - #devices: 400
Creating tasks...Done, 
Creating device locations...Done.
FuzzyQLEdgeOrchestrator initialized with fuzzy Q-learning based orchestration
SimManager is starting...Done.
.........10.........20.........3030.........40.........50.........60.........70.........80.........90.........100
AUGMENTED_REALITY
# of tasks (Edge/Cloud): 77349(76237/1112)
# of failed tasks (Edge/Cloud): 2111(1991/120)
# of completed tasks (Edge/Cloud): 75238(74246/992)
---------------------------------------
HEALTH_APP
# of tasks (Edge/Cloud): 13041(13033/8)
# of failed tasks (Edge/Cloud): 155(155/0)
# of completed tasks (Edge/Cloud): 12886(12878/8)
---------------------------------------
HEAVY_COMP_APP
# of tasks (Edge/Cloud): 2191(2112/79)
# of failed tasks (Edge/Cloud): 132(127/5)
# of completed tasks (Edge/Cloud): 2059(1985/74)
---------------------------------------
INFOTAINMENT_APP
# of tasks (Edge/Cloud): 13571(13198/373)
# of failed tasks (Edge/Cloud): 486(454/32)
# of completed tasks (Edge/Cloud): 13085(12744/341)
---------------------------------------
# of tasks (Edge/Cloud/Mobile): 106152(104580/1572/0)
# of failed tasks (Edge/Cloud/Mobile): 2884(2727/157/0)
# of completed tasks (Edge/Cloud/Mobile): 103268(101853/1415/0)
# of uncompleted tasks (Edge/Cloud/Mobile): 512(509/0/3)
# of failed tasks due to vm capacity (Edge/Cloud/Mobile): 0(0/0/0)
# of failed tasks due to Mobility/WLAN Range/Network(WLAN/MAN/WAN/GSM): 2738/0/146(0/0/146/0)
percentage of failed tasks: 2.716859%
average service time: 5.606617 seconds. (on Edge: 5.641980, on Cloud: 3.061193, on Mobile: NaN)
average processing time: 5.508990 seconds. (on Edge: 5.582741, on Cloud: 0.200281, on Mobile: NaN)
average network delay: 0.097628 seconds. (LAN delay: 0.059238, MAN delay: NaN, WAN delay: 2.860912, GSM delay: NaN)
average server utilization Edge/Cloud/Mobile: 23.203919/0.075380/0.000000
average cost: 0.0$
average overhead: 0.0 ns
average QoE (for all): 0.0%
average QoE (for executed): 0.0%
FuzzyQLEdgeOrchestrator final statistics:
  Total tasks processed: 0
  Edge failure rate: 0.0
Top performing fuzzy rules:
  task_size-medium_wan_bandwidth-high_delay_sensitivity-high -> cloud: 0.0
  task_size-medium_edge_utilization-low_edge_capacity-high -> cloud: 0.0
  task_size-large_edge_utilization-medium_edge_capacity-high -> cloud: 0.0
  task_size-large_wan_bandwidth-medium_delay_sensitivity-low -> cloud: 0.0
  task_size-large_wan_bandwidth-high_delay_sensitivity-high -> cloud: 0.0
Scenario finished at 13/03/2025 02:19:03. It took 6 Minutes 20 Seconds
----------------------------------------------------------------------
Scenario started at 13/03/2025 02:19:03
Scenario: TWO_TIER_WITH_EO - Policy: FUZZY_Q_LEARNING - #iteration: 2
Duration: 33.0 min (warm up period: 3.0 min) - #devices: 600
Creating tasks...Done, 
Creating device locations...Done.
FuzzyQLEdgeOrchestrator initialized with fuzzy Q-learning based orchestration
SimManager is starting...Done.
.........10.........20.........3030.........40.........50.........60.........70.........80.........90...