#auto generated file!
12.0;17;11;15;11;11;14;16;17;13;20;13;21;13;8
18.0;17;11;15;12;14;14;15;18;12;20;12;20;13;7
24.0;18;13;14;12;13;13;16;17;12;19;13;20;13;7
30.0;18;13;15;11;15;13;17;17;11;17;11;21;14;7
36.0;19;13;16;11;15;13;16;17;11;17;10;21;14;7
42.0;18;16;15;13;15;13;15;16;11;17;9;21;14;7
48.0;19;16;16;13;15;13;15;15;11;16;8;21;14;8
54.0;19;16;16;13;15;13;14;13;12;17;8;20;14;10
60.0;20;16;15;13;15;15;14;14;13;15;9;17;13;11
66.0;20;16;16;13;15;15;14;15;13;16;8;16;14;9
72.0;20;16;16;13;15;16;16;14;13;16;7;15;14;9
78.0;20;17;16;12;17;16;16;14;14;15;8;13;14;8
84.0;20;19;16;14;15;17;15;12;13;14;8;13;15;9
90.0;20;19;17;15;15;17;18;11;13;13;7;15;11;9
96.0;22;17;17;15;15;17;19;12;12;15;5;15;11;8
102.0;22;20;16;15;14;17;19;12;13;14;5;14;11;8
108.0;22;21;16;16;13;18;19;13;10;14;6;12;12;8
114.0;22;21;18;17;13;18;17;12;11;14;7;12;10;8
120.0;23;21;19;17;13;18;17;10;11;13;8;12;10;8
126.0;25;22;18;18;13;18;17;8;11;12;8;12;10;8
132.0;25;21;18;17;13;21;16;7;11;12;9;10;11;9
138.0;26;21;18;18;12;20;16;7;11;12;8;10;12;9
144.0;26;21;18;18;13;20;15;6;11;11;9;10;13;9
150.0;26;21;19;17;13;20;16;5;11;10;9;11;13;9
156.0;28;21;18;17;14;21;19;4;10;9;7;10;14;8
162.0;29;21;17;17;14;22;17;5;11;8;6;10;15;8
168.0;29;21;17;17;14;22;18;5;10;9;7;9;14;8
174.0;29;21;17;16;15;21;18;5;10;8;7;8;15;10
180.0;28;20;18;16;15;21;17;6;11;8;8;7;15;10
186.0;28;21;18;16;15;21;16;5;12;7;9;7;15;10
192.0;28;20;19;17;15;21;15;5;12;7;9;7;15;10
198.0;27;20;18;17;15;21;16;5;12;8;9;6;16;10
204.0;26;20;17;18;15;21;15;7;12;9;9;6;15;10
210.0;26;19;18;18;15;19;17;7;12;10;9;7;16;7
216.0;26;18;19;18;15;19;17;6;11;11;10;7;15;8
222.0;26;19;19;19;14;20;16;6;11;11;10;7;15;7
228.0;27;19;19;19;14;19;14;7;11;12;10;7;15;7
234.0;26;20;18;21;13;19;14;6;11;11;11;8;15;7
240.0;26;21;17;22;13;20;14;6;10;12;10;9;14;6
246.0;26;21;19;21;13;22;14;5;9;12;9;8;14;7
252.0;26;21;19;21;13;22;12;6;9;13;9;8;14;7
258.0;25;22;19;21;13;23;11;6;8;13;9;8;14;8
264.0;25;21;19;21;13;25;11;6;8;14;8;7;14;8
270.0;27;20;18;21;12;24;12;8;9;13;7;7;14;8
276.0;25;21;19;20;12;25;12;8;9;13;7;7;14;8
282.0;25;20;20;19;13;24;12;8;9;14;8;7;13;8
288.0;25;20;20;19;15;24;12;8;9;14;7;6;13;8
294.0;24;20;19;20;15;24;11;8;8;14;8;6;14;9
300.0;24;20;19;22;15;24;11;7;10;13;7;5;14;9
306.0;24;20;19;22;16;24;10;7;11;13;7;4;14;9
312.0;24;20;19;21;15;25;10;8;11;13;7;4;13;10
318.0;23;19;19;22;14;27;11;8;11;12;7;4;12;11
324.0;23;19;18;22;17;29;11;6;10;13;6;5;12;9
330.0;23;19;18;22;18;27;11;6;10;13;6;5;12;10
336.0;22;17;17;22;19;28;10;5;10;15;6;6;13;10
342.0;22;17;17;21;20;30;9;4;10;14;6;6;14;10
348.0;22;18;17;20;20;29;8;4;10;15;6;7;14;10
354.0;22;18;17;20;20;29;8;5;10;14;6;7;15;9
360.0;22;18;17;20;21;28;7;5;10;13;6;7;17;9
366.0;23;20;18;20;21;27;6;6;8;10;7;9;15;10
372.0;25;19;18;21;22;26;9;7;6;10;7;7;14;9
378.0;25;20;19;21;22;25;8;6;7;10;6;6;16;9
384.0;26;18;19;23;22;25;8;5;7;9;6;6;16;10
390.0;26;18;19;22;22;25;9;6;8;9;6;7;15;8
396.0;24;19;19;22;20;24;9;7;8;10;7;7;16;8
402.0;25;21;19;22;19;25;7;7;8;10;7;7;15;8
408.0;26;20;18;24;18;26;8;5;7;11;7;6;16;8
414.0;25;20;17;24;18;25;8;5;7;11;9;6;16;9
420.0;24;20;17;24;18;25;8;5;8;11;9;6;15;10
426.0;24;19;18;23;20;24;9;5;9;10;10;5;14;10
432.0;24;19;17;22;20;25;9;6;10;9;10;5;14;10
438.0;24;20;17;22;18;25;10;6;9;9;11;5;13;11
444.0;22;20;17;24;17;25;10;6;9;9;10;6;13;12
450.0;22;19;17;24;16;26;10;6;9;9;10;7;13;12
456.0;22;19;17;23;16;26;8;7;10;9;10;7;13;13
462.0;21;20;17;23;16;26;9;8;10;8;9;6;14;13
468.0;21;20;17;23;17;25;10;9;10;8;8;6;14;12
474.0;21;20;17;23;18;25;10;9;9;8;8;6;14;12
480.0;21;21;17;23;18;25;10;8;9;7;8;6;14;13
486.0;21;24;16;23;18;25;9;8;10;6;8;7;13;12
492.0;20;24;17;22;18;25;9;9;9;6;8;8;13;12
498.0;20;24;17;21;19;24;10;9;9;7;8;8;13;11
504.0;21;25;17;21;19;24;12;8;6;7;8;8;14;10
510.0;22;25;18;20;19;23;13;8;5;8;8;8;13;10
516.0;21;28;17;20;19;24;12;7;4;9;7;9;13;10
522.0;21;28;19;20;18;24;13;8;3;10;6;7;14;9
528.0;23;28;18;21;18;24;13;8;2;9;6;9;13;8
534.0;23;28;18;21;18;24;13;8;2;10;6;9;12;8
540.0;23;28;20;21;18;23;13;8;2;11;4;9;12;8
546.0;23;28;19;22;17;24;13;8;2;10;4;9;12;9
552.0;23;27;19;21;18;22;15;8;2;11;5;9;11;9
558.0;23;27;19;23;18;22;15;8;2;11;4;9;11;8
564.0;22;27;19;22;18;22;15;8;2;12;4;10;11;8
570.0;21;28;19;23;18;21;15;8;5;11;3;10;10;8
576.0;21;30;18;23;18;20;15;9;4;10;4;10;10;8
582.0;22;29;18;21;21;19;15;12;4;8;3;10;11;7
588.0;22;28;19;21;21;20;15;11;5;7;1;9;12;9
594.0;22;27;18;21;23;20;13;10;4;10;1;9;13;9
600.0;21;27;18;22;24;20;12;10;3;10;4;8;13;8
606.0;21;27;19;22;24;19;11;10;3;12;4;8;12;8
612.0;22;28;19;21;24;18;11;10;3;13;3;8;12;8
618.0;23;29;18;22;24;19;10;10;3;12;3;8;9;10
624.0;22;30;18;22;25;19;10;9;4;11;3;9;9;9
630.0;21;31;20;22;24;18;10;9;4;12;3;9;8;9
636.0;21;31;20;23;25;17;8;8;4;12;4;9;9;9
642.0;22;31;20;23;24;16;7;7;6;12;4;9;10;9
648.0;22;31;20;24;24;16;7;7;6;12;4;9;9;9
654.0;21;31;20;24;26;17;7;6;6;12;5;9;7;9
660.0;20;29;20;24;26;18;7;6;6;11;6;9;8;10
666.0;20;29;20;25;26;18;8;6;5;12;6;9;7;9
672.0;20;29;20;26;25;17;8;5;5;11;6;9;9;10
678.0;20;29;20;25;25;17;9;5;5;11;6;10;9;9
684.0;20;29;20;25;25;18;9;5;5;10;6;10;10;8
690.0;21;29;20;25;25;17;9;5;5;11;6;10;10;7
696.0;21;27;20;25;25;17;9;6;5;12;6;9;10;8
702.0;21;26;20;24;25;18;8;6;5;12;8;9;10;8
708.0;21;26;20;24;26;17;8;5;5;12;8;10;10;8
714.0;21;26;20;24;26;18;8;5;5;11;7;10;10;9
720.0;21;26;20;24;27;18;9;5;5;11;7;9;10;8
726.0;21;25;20;25;27;19;10;5;5;11;6;8;9;9
732.0;23;25;21;25;26;20;10;4;5;11;6;8;7;9
738.0;23;25;21;24;27;19;10;2;5;11;7;8;7;11
744.0;21;25;23;25;27;20;8;3;5;11;7;8;7;10
750.0;21;25;23;26;27;19;8;3;4;10;8;8;8;10
756.0;21;26;23;25;27;20;9;4;4;9;8;6;9;9
762.0;21;26;24;25;26;21;10;4;4;8;7;6;9;9
768.0;21;25;21;25;25;22;10;6;4;9;8;6;9;9
774.0;21;27;22;25;26;21;9;5;4;7;8;6;8;11
780.0;21;26;22;26;26;21;8;5;4;7;10;7;8;9
786.0;20;27;22;27;25;20;8;5;4;8;8;8;9;9
792.0;21;27;21;27;25;20;7;6;4;8;7;8;9;10
798.0;20;27;23;27;24;20;8;5;4;7;8;7;10;10
804.0;20;27;23;27;25;21;8;5;4;7;6;6;10;11
810.0;20;27;21;28;24;21;8;5;4;7;7;6;10;12
816.0;18;27;21;27;23;20;10;5;4;9;7;6;11;12
822.0;19;29;20;27;21;20;9;5;4;9;6;7;12;12
828.0;18;29;20;26;22;20;8;4;6;9;7;8;12;11
834.0;18;31;20;24;23;19;9;5;7;8;6;7;12;11
840.0;18;31;20;27;22;19;9;4;7;7;6;7;11;12
846.0;18;31;21;29;22;20;6;5;5;6;7;7;11;12
852.0;18;30;21;29;22;20;6;5;5;6;7;7;11;13
858.0;18;31;20;29;23;20;5;4;6;6;8;7;12;11
864.0;18;31;20;28;23;20;6;4;5;7;8;7;12;11
870.0;20;31;21;28;22;20;6;4;5;7;8;7;12;9
876.0;21;32;20;28;22;19;6;4;5;7;7;7;12;10
882.0;21;31;22;28;21;19;5;4;7;7;7;7;12;9
888.0;22;31;22;28;21;20;5;4;6;6;7;7;12;9
894.0;23;31;22;28;19;20;6;4;7;6;7;7;12;8
900.0;23;30;22;28;19;21;6;5;7;6;9;6;11;7
906.0;23;30;23;29;18;21;5;6;7;6;9;5;11;7
912.0;23;30;22;29;20;21;5;6;7;6;8;5;11;7
918.0;23;30;23;29;20;21;5;6;7;6;8;5;10;7
924.0;23;30;23;28;20;21;5;5;7;7;9;6;10;6
930.0;23;30;24;27;20;21;5;5;6;9;9;5;10;6
936.0;24;30;25;25;23;19;7;5;6;6;8;5;11;6
942.0;22;30;25;25;24;19;7;5;7;6;9;6;10;5
948.0;23;30;26;26;23;19;6;7;6;5;9;5;10;5
954.0;23;28;27;27;23;19;6;7;6;5;9;4;10;6
960.0;23;28;26;27;24;20;6;6;6;5;9;4;10;6
966.0;23;29;25;26;24;20;6;6;6;5;9;5;10;6
972.0;22;29;25;26;22;20;7;4;6;5;10;6;11;7
978.0;25;27;23;26;22;20;8;4;5;5;10;6;12;7
984.0;25;28;22;27;22;19;8;4;5;4;10;5;14;7
990.0;24;28;21;27;23;18;7;5;6;5;11;5;13;7
996.0;24;28;20;27;23;17;8;6;6;5;11;5;12;8
1002.0;24;28;19;26;23;15;8;8;7;5;11;6;12;8
1008.0;25;28;20;26;23;15;8;7;7;5;10;7;11;8
1014.0;25;27;20;26;23;15;8;7;7;6;11;7;11;7
1020.0;25;28;20;27;23;15;9;6;7;5;9;7;11;8
1026.0;26;29;20;27;22;14;9;6;7;5;9;8;10;8
1032.0;25;28;21;28;22;13;9;5;5;6;9;8;11;10
1038.0;24;31;23;28;19;13;9;5;5;6;10;8;9;10
1044.0;24;31;23;27;19;14;8;5;6;6;10;7;9;11
1050.0;24;30;24;28;21;16;9;4;4;6;8;9;8;9
1056.0;24;30;23;27;21;18;9;4;4;6;9;8;8;9
1062.0;24;28;23;28;20;18;11;3;5;7;8;8;7;10
1068.0;24;27;21;29;19;19;9;2;6;7;10;10;6;11
1074.0;27;27;21;29;18;20;10;2;5;7;9;9;6;10
1080.0;25;26;21;30;18;20;9;2;5;7;10;12;6;9
1086.0;25;27;21;32;17;20;9;3;4;7;10;11;5;9
1092.0;25;27;21;33;17;20;9;3;4;6;10;12;5;8
1098.0;25;26;20;32;17;20;10;4;5;5;10;12;5;9
1104.0;25;26;21;33;16;20;10;4;5;5;10;11;5;9
1110.0;25;26;22;34;16;19;10;4;5;4;9;11;6;9
1116.0;25;27;22;32;17;19;10;5;5;4;9;11;6;8
1122.0;24;27;21;32;16;19;10;5;5;5;9;13;6;8
1128.0;23;27;21;32;16;17;10;5;5;5;10;15;6;8
1134.0;23;26;20;33;16;17;10;5;7;5;9;15;6;8
1140.0;24;25;20;33;16;17;9;5;7;5;7;15;8;9
1146.0;24;25;19;33;16;17;9;5;7;5;7;17;8;8
1152.0;25;25;19;33;16;17;7;5;8;5;7;17;8;8
1158.0;26;26;19;33;15;17;7;5;8;5;7;16;8;8
1164.0;26;25;18;35;16;15;7;6;9;5;7;16;7;8
1170.0;26;25;19;36;16;15;7;6;8;6;7;14;7;8
1176.0;26;24;19;36;16;15;7;6;8;6;9;13;7;8
1182.0;27;24;20;36;16;15;7;6;8;6;8;11;7;9
1188.0;27;25;21;33;16;17;7;6;8;6;8;11;7;8
1194.0;26;24;22;33;17;17;6;4;8;8;8;10;8;9
1200.0;26;24;24;33;17;17;5;5;8;9;7;9;9;7
1206.0;26;24;24;31;17;18;5;6;8;9;6;9;9;8
1212.0;27;24;24;30;18;19;5;6;7;9;6;9;9;7
1218.0;26;25;24;30;17;19;5;8;6;8;6;11;8;7
1224.0;25;26;26;30;16;18;5;9;6;8;6;11;8;6
1230.0;25;27;26;28;16;19;6;8;5;7;8;11;8;6
1236.0;25;28;26;28;16;19;8;7;5;7;8;11;8;4
1242.0;25;28;25;28;16;18;9;7;6;7;9;10;8;4
1248.0;24;28;25;27;15;18;9;7;6;8;10;11;8;4
1254.0;24;28;24;27;14;19;9;8;4;8;10;12;8;5
1260.0;25;28;24;27;14;19;8;8;5;9;11;9;8;5
1266.0;25;29;23;25;15;18;9;7;5;9;12;9;7;7
1272.0;25;29;23;23;17;17;9;7;5;9;12;9;7;8
1278.0;24;30;21;23;16;18;11;7;6;9;11;9;7;8
1284.0;24;29;21;22;17;18;10;7;5;10;11;10;8;8
1290.0;24;29;22;23;15;19;10;7;5;10;11;9;8;8
1296.0;24;29;22;23;16;19;11;7;5;9;11;8;9;7
1302.0;24;30;23;23;15;19;11;7;5;9;10;8;10;6
1308.0;24;29;23;23;15;18;11;7;7;8;10;8;11;6
1314.0;24;29;23;23;15;18;11;7;7;8;10;9;10;6
1320.0;23;28;24;24;15;18;11;8;7;10;9;8;9;6
1326.0;24;26;24;23;15;18;10;9;7;11;9;8;9;7
1332.0;24;26;24;23;14;18;11;8;7;11;10;8;9;7
1338.0;25;26;24;25;14;18;9;8;7;10;10;9;8;7
1344.0;25;26;24;25;13;18;10;8;7;10;10;10;8;6
1350.0;25;25;26;26;13;18;11;7;6;10;10;8;9;6
1356.0;25;25;25;25;14;19;11;7;8;10;10;8;7;6
1362.0;25;25;26;23;15;18;11;6;9;10;12;8;7;5
1368.0;25;25;27;23;16;17;10;6;8;10;13;9;6;5
1374.0;26;26;26;22;16;17;10;8;7;10;12;9;6;5
1380.0;26;25;26;21;17;18;9;9;8;9;12;8;5;7
1386.0;26;26;26;22;17;18;9;8;7;9;12;8;5;7
1392.0;26;27;28;22;17;18;9;9;7;10;8;8;4;7
1398.0;26;27;28;23;18;17;9;9;7;10;7;7;4;8
1404.0;26;28;28;23;18;17;9;9;6;10;8;6;4;8
1410.0;26;28;30;23;18;17;8;9;7;8;8;6;4;8
1416.0;26;27;30;23;17;18;8;9;7;9;7;6;4;9
1422.0;25;27;30;23;18;19;8;8;8;7;8;6;4;9
1428.0;25;27;29;23;18;19;8;9;7;9;8;7;4;7
1434.0;24;26;28;24;18;21;6;10;7;10;9;7;4;6
1440.0;25;26;27;26;18;21;2;11;6;11;8;7;5;7
1446.0;25;26;27;26;16;20;4;10;6;11;8;8;5;8
1452.0;26;26;27;26;16;20;4;10;6;11;8;7;5;8
1458.0;26;26;26;27;16;19;4;10;6;11;8;7;5;9
1464.0;26;26;26;27;17;19;4;8;6;11;8;10;4;8
1470.0;26;27;28;28;17;19;3;7;6;10;8;10;3;8
1476.0;26;27;28;28;16;20;3;6;5;10;9;10;3;9
1482.0;25;28;28;28;16;20;4;6;4;10;9;10;3;9
1488.0;25;29;26;29;16;21;4;6;6;11;8;10;2;7
1494.0;26;29;25;29;16;22;4;6;7;10;8;9;2;7
1500.0;26;29;25;28;17;22;4;6;7;10;8;8;2;8
1506.0;26;29;26;28;16;20;4;7;8;10;8;8;2;8
1512.0;27;29;26;28;16;20;4;7;7;10;8;8;2;8
1518.0;28;29;26;28;16;20;5;6;6;10;9;7;2;8
1524.0;30;30;25;29;15;19;5;5;7;10;9;7;2;7
1530.0;30;31;25;27;16;18;6;6;8;9;9;6;2;7
1536.0;30;30;25;27;16;16;7;6;10;10;9;6;3;5
1542.0;28;30;26;27;16;16;7;5;11;10;9;7;3;5
1548.0;27;30;26;25;16;16;7;5;10;11;9;10;4;4
1554.0;28;29;26;25;16;16;6;4;11;11;8;10;4;6
1560.0;29;29;26;26;16;15;7;4;12;10;7;8;4;7
1566.0;28;30;26;26;15;15;8;5;14;9;5;8;4;7
1572.0;28;30;27;27;15;14;8;6;13;10;3;8;4;7
1578.0;27;30;28;26;16;15;8;7;12;9;3;8;3;8
1584.0;29;29;28;24;16;14;9;6;14;6;5;9;4;7
1590.0;29;28;27;24;17;13;9;6;14;7;5;9;5;7
1596.0;29;27;30;23;16;13;10;6;11;7;6;9;5;8
1602.0;29;28;29;23;16;12;9;6;11;7;6;11;5;8
1608.0;30;30;29;23;17;12;8;4;10;7;7;10;5;8
1614.0;30;30;28;21;17;13;8;4;12;6;8;11;4;8
1620.0;30;29;28;21;17;12;8;3;12;10;7;10;4;9
1626.0;30;28;28;20;18;14;9;3;11;11;7;8;4;9
1632.0;30;28;27;20;18;14;8;3;10;10;9;9;6;8
1638.0;28;29;27;18;18;16;8;3;9;11;9;9;6;9
1644.0;28;28;28;18;17;16;8;3;10;11;9;9;7;8
1650.0;28;28;26;18;17;17;9;3;10;11;9;8;7;9
1656.0;28;30;23;19;17;18;8;5;10;11;7;9;6;9
1662.0;29;29;22;19;20;17;8;4;9;12;6;10;6;9
1668.0;28;30;21;17;20;17;8;5;8;12;7;11;5;11
1674.0;25;31;22;19;20;17;9;5;7;11;8;11;4;11
1680.0;25;31;20;18;20;17;8;5;8;11;9;11;6;11
1686.0;26;30;21;18;20;17;9;4;7;11;9;11;6;11
1692.0;26;30;22;17;20;17;9;4;8;12;8;11;5;11
1698.0;26;29;23;17;18;17;10;5;8;12;7;10;6;12
1704.0;27;29;23;16;18;17;11;6;8;11;6;9;6;13
1710.0;26;29;23;15;18;17;10;7;8;12;7;8;8;12
1716.0;26;28;23;16;18;17;10;6;7;12;7;8;9;13
1722.0;26;27;23;16;19;17;10;7;8;12;7;7;9;12
1728.0;27;27;23;16;19;17;10;7;7;14;6;7;8;12
1734.0;27;25;23;15;18;17;11;7;7;13;8;9;8;12
1740.0;28;24;22;16;16;16;11;7;9;13;9;8;10;11
1746.0;29;24;22;17;17;16;10;7;9;13;7;8;10;11
1752.0;28;25;22;17;16;15;11;7;8;13;8;8;12;10
1758.0;28;24;22;18;17;15;10;7;8;13;8;8;12;10
1764.0;28;24;21;17;17;15;10;7;9;11;10;8;12;11
1770.0;29;24;21;18;15;14;9;7;10;11;10;8;12;12
1776.0;29;24;21;18;15;15;11;9;9;8;9;8;12;12
1782.0;30;23;22;17;17;15;9;8;10;7;9;9;12;12
1788.0;32;25;20;17;16;14;8;8;10;7;10;9;12;12
1794.0;33;25;20;17;15;14;9;7;10;7;8;10;13;12
1800.0;33;25;21;18;15;13;10;7;10;5;8;10;13;12
1806.0;33;25;21;18;15;12;10;8;11;5;7;10;14;11
1812.0;34;24;21;19;14;11;10;8;11;5;8;10;12;13
1818.0;34;24;22;19;15;11;9;9;10;4;8;11;13;11
1824.0;34;24;22;19;15;12;9;10;10;4;7;11;12;11
1830.0;34;24;21;18;15;12;9;11;10;4;7;9;14;12
1836.0;34;23;20;18;16;12;9;13;11;4;5;8;14;13
1842.0;35;23;20;18;18;12;9;13;11;5;5;7;11;13
1848.0;35;24;20;17;17;13;9;15;11;4;6;8;11;10
1854.0;35;24;19;17;17;13;10;15;10;4;6;8;12;10
1860.0;35;24;21;18;17;14;7;15;8;5;6;8;12;10
1866.0;35;24;22;18;18;15;7;15;8;5;6;8;11;8
1872.0;34;24;23;17;18;15;9;14;7;5;6;7;12;9
1878.0;33;23;22;17;18;15;9;12;8;7;7;6;14;9
1884.0;33;23;23;17;18;15;9;12;5;7;7;6;14;11
1890.0;33;24;23;17;18;16;8;11;6;7;8;4;13;12
1896.0;33;23;23;16;17;18;7;12;6;7;8;5;13;12
1902.0;31;24;23;16;16;19;6;12;9;6;8;5;13;12
1908.0;30;24;25;16;16;19;5;11;10;5;8;5;14;12
1914.0;29;24;26;16;16;17;5;12;10;5;8;6;14;12
1920.0;29;24;26;16;17;17;5;11;10;4;8;6;15;12
1926.0;31;23;26;15;18;17;5;11;9;4;8;6;16;11
1932.0;31;23;25;15;18;19;5;11;10;5;8;6;14;10
1938.0;30;23;24;14;18;19;6;12;10;5;6;7;15;11
1944.0;31;22;24;14;18;19;6;13;8;7;6;7;15;10
1950.0;31;24;25;14;18;19;6;11;10;7;5;5;13;12
1956.0;32;24;25;14;18;18;6;13;10;8;5;5;11;11
1962.0;33;24;25;14;17;18;6;15;8;7;6;6;10;11
1968.0;33;25;27;14;16;18;6;15;8;5;6;6;10;11
1974.0;32;25;27;14;15;18;6;14;8;5;6;7;10;13
